0 verbose cli /home/quanap/.nvm/versions/node/v20.20.2/bin/node /home/quanap/.nvm/versions/node/v20.20.2/bin/npm
1 info using npm@10.8.2
2 info using node@v20.20.2
3 silly config load:file:/home/quanap/.nvm/versions/node/v20.20.2/lib/node_modules/npm/npmrc
4 silly config load:file:/mnt/e/jenkins-basic/.npmrc
5 silly config load:file:/home/quanap/.npmrc
6 silly config load:file:/home/quanap/.nvm/versions/node/v20.20.2/etc/npmrc
7 verbose title npm install
8 verbose argv "install"
9 verbose logfile logs-max:10 dir:/mnt/e/jenkins-basic/.npm-cache/_logs/2026-04-10T07_09_10_195Z-
10 verbose logfile /mnt/e/jenkins-basic/.npm-cache/_logs/2026-04-10T07_09_10_195Z-debug-0.log
11 silly packumentCache heap:2197815296 maxSize:549453824 maxEntrySize:274726912
12 silly logfile done cleaning log files
13 silly idealTree buildDeps
14 silly reify moves {}
15 silly audit bulk request {
15 silly audit   '@next/env': [ '14.2.5' ],
15 silly audit   '@next/swc-darwin-arm64': [ '14.2.5' ],
15 silly audit   '@next/swc-darwin-x64': [ '14.2.5' ],
15 silly audit   '@next/swc-linux-arm64-gnu': [ '14.2.5' ],
15 silly audit   '@next/swc-linux-arm64-musl': [ '14.2.5' ],
15 silly audit   '@next/swc-linux-x64-gnu': [ '14.2.5' ],
15 silly audit   '@next/swc-linux-x64-musl': [ '14.2.5' ],
15 silly audit   '@next/swc-win32-arm64-msvc': [ '14.2.5' ],
15 silly audit   '@next/swc-win32-ia32-msvc': [ '14.2.5' ],
15 silly audit   '@next/swc-win32-x64-msvc': [ '14.2.5' ],
15 silly audit   '@swc/counter': [ '0.1.3' ],
15 silly audit   '@swc/helpers': [ '0.5.5' ],
15 silly audit   '@types/node': [ '20.14.10' ],
15 silly audit   '@types/prop-types': [ '15.7.15' ],
15 silly audit   '@types/react': [ '18.3.3' ],
15 silly audit   '@types/react-dom': [ '18.3.0' ],
15 silly audit   busboy: [ '1.6.0' ],
15 silly audit   'caniuse-lite': [ '1.0.30001787' ],
15 silly audit   'client-only': [ '0.0.1' ],
15 silly audit   csstype: [ '3.2.3' ],
15 silly audit   'graceful-fs': [ '4.2.11' ],
15 silly audit   'js-tokens': [ '4.0.0' ],
15 silly audit   'loose-envify': [ '1.4.0' ],
15 silly audit   nanoid: [ '3.3.11' ],
15 silly audit   next: [ '14.2.5' ],
15 silly audit   picocolors: [ '1.1.1' ],
15 silly audit   postcss: [ '8.4.31' ],
15 silly audit   react: [ '18.2.0' ],
15 silly audit   'react-dom': [ '18.2.0' ],
15 silly audit   scheduler: [ '0.23.2' ],
15 silly audit   'source-map-js': [ '1.2.1' ],
15 silly audit   streamsearch: [ '1.1.0' ],
15 silly audit   'styled-jsx': [ '5.1.1' ],
15 silly audit   tslib: [ '2.8.1' ],
15 silly audit   typescript: [ '5.5.4' ],
15 silly audit   'undici-types': [ '5.26.5' ]
15 silly audit }
16 verbose reify failed optional dependency /mnt/e/jenkins-basic/node_modules/@next/swc-win32-ia32-msvc
17 silly reify mark deleted [ '/mnt/e/jenkins-basic/node_modules/@next/swc-win32-ia32-msvc' ]
18 verbose reify failed optional dependency /mnt/e/jenkins-basic/node_modules/@next/swc-win32-arm64-msvc
19 silly reify mark deleted [ '/mnt/e/jenkins-basic/node_modules/@next/swc-win32-arm64-msvc' ]
20 verbose reify failed optional dependency /mnt/e/jenkins-basic/node_modules/@next/swc-linux-arm64-musl
21 silly reify mark deleted [ '/mnt/e/jenkins-basic/node_modules/@next/swc-linux-arm64-musl' ]
22 verbose reify failed optional dependency /mnt/e/jenkins-basic/node_modules/@next/swc-linux-arm64-gnu
23 silly reify mark deleted [ '/mnt/e/jenkins-basic/node_modules/@next/swc-linux-arm64-gnu' ]
24 verbose reify failed optional dependency /mnt/e/jenkins-basic/node_modules/@next/swc-darwin-x64
25 silly reify mark deleted [ '/mnt/e/jenkins-basic/node_modules/@next/swc-darwin-x64' ]
26 verbose reify failed optional dependency /mnt/e/jenkins-basic/node_modules/@next/swc-darwin-arm64
27 silly reify mark deleted [ '/mnt/e/jenkins-basic/node_modules/@next/swc-darwin-arm64' ]
28 silly tarball no local data for @next/swc-linux-x64-musl@https://registry.npmjs.org/@next/swc-linux-x64-musl/-/swc-linux-x64-musl-14.2.5.tgz. Extracting by manifest.
29 silly tarball no local data for @next/swc-linux-x64-gnu@https://registry.npmjs.org/@next/swc-linux-x64-gnu/-/swc-linux-x64-gnu-14.2.5.tgz. Extracting by manifest.
30 http fetch POST 200 https://registry.npmjs.org/-/npm/v1/security/advisories/bulk 405ms
31 silly audit report {
31 silly audit report   next: [
31 silly audit report     {
31 silly audit report       id: 1099638,
31 silly audit report       url: 'https://github.com/advisories/GHSA-gp8f-8m3g-qvj9',
31 silly audit report       title: 'Next.js Cache Poisoning',
31 silly audit report       severity: 'high',
31 silly audit report       vulnerable_versions: '>=14.0.0 <14.2.10',
31 silly audit report       cwe: [Array],
31 silly audit report       cvss: [Object]
31 silly audit report     },
31 silly audit report     {
31 silly audit report       id: 1100421,
31 silly audit report       url: 'https://github.com/advisories/GHSA-g77x-44xx-532m',
31 silly audit report       title: 'Denial of Service condition in Next.js image optimization',
31 silly audit report       severity: 'moderate',
31 silly audit report       vulnerable_versions: '>=10.0.0 <14.2.7',
31 silly audit report       cwe: [Array],
31 silly audit report       cvss: [Object]
31 silly audit report     },
31 silly audit report     {
31 silly audit report       id: 1101438,
31 silly audit report       url: 'https://github.com/advisories/GHSA-7m27-7ghc-44w9',
31 silly audit report       title: 'Next.js Allows a Denial of Service (DoS) with Server Actions',
31 silly audit report       severity: 'moderate',
31 silly audit report       vulnerable_versions: '>=14.0.0 <14.2.21',
31 silly audit report       cwe: [Array],
31 silly audit report       cvss: [Object]
31 silly audit report     },
31 silly audit report     {
31 silly audit report       id: 1105461,
31 silly audit report       url: 'https://github.com/advisories/GHSA-3h52-269p-cp9r',
31 silly audit report       title: 'Information exposure in Next.js dev server due to lack of origin verification',
31 silly audit report       severity: 'low',
31 silly audit report       vulnerable_versions: '>=13.0 <14.2.30',
31 silly audit report       cwe: [Array],
31 silly audit report       cvss: [Object]
31 silly audit report     },
31 silly audit report     {
31 silly audit report       id: 1111391,
31 silly audit report       url: 'https://github.com/advisories/GHSA-mwv6-3258-q52c',
31 silly audit report       title: 'Next Vulnerable to Denial of Service with Server Components',
31 silly audit report       severity: 'high',
31 silly audit report       vulnerable_versions: '>=13.3.0 <14.2.34',
31 silly audit report       cwe: [Array],
31 silly audit report       cvss: [Object]
31 silly audit report     },
31 silly audit report     {
31 silly audit report       id: 1107226,
31 silly audit report       url: 'https://github.com/advisories/GHSA-g5qg-72qw-gw5v',
31 silly audit report       title: 'Next.js Affected by Cache Key Confusion for Image Optimization API Routes',
31 silly audit report       severity: 'moderate',
31 silly audit report       vulnerable_versions: '>=0.9.9 <14.2.31',
31 silly audit report       cwe: [Array],
31 silly audit report       cvss: [Object]
31 silly audit report     },
31 silly audit report     {
31 silly audit report       id: 1107420,
31 silly audit report       url: 'https://github.com/advisories/GHSA-7gfc-8cq8-jh5f',
31 silly audit report       title: 'Next.js authorization bypass vulnerability',
31 silly audit report       severity: 'high',
31 silly audit report       vulnerable_versions: '>=9.5.5 <14.2.15',
31 silly audit report       cwe: [Array],
31 silly audit report       cvss: [Object]
31 silly audit report     },
31 silly audit report     {
31 silly audit report       id: 1107512,
31 silly audit report       url: 'https://github.com/advisories/GHSA-4342-x723-ch2f',
31 silly audit report       title: 'Next.js Improper Middleware Redirect Handling Leads to SSRF',
31 silly audit report       severity: 'moderate',
31 silly audit report       vulnerable_versions: '>=0.9.9 <14.2.32',
31 silly audit report       cwe: [Array],
31 silly audit report       cvss: [Object]
31 silly audit report     },
31 silly audit report     {
31 silly audit report       id: 1107513,
31 silly audit report       url: 'https://github.com/advisories/GHSA-xv57-4mr9-wg8v',
31 silly audit report       title: 'Next.js Content Injection Vulnerability for Image Optimization',
31 silly audit report       severity: 'moderate',
31 silly audit report       vulnerable_versions: '>=0.9.9 <14.2.31',
31 silly audit report       cwe: [Array],
31 silly audit report       cvss: [Object]
31 silly audit report     },
31 silly audit report     {
31 silly audit report       id: 1112182,
31 silly audit report       url: 'https://github.com/advisories/GHSA-5j59-xgg2-r9c4',
31 silly audit report       title: 'Next has a Denial of Service with Server Components - Incomplete Fix Follow-Up',
31 silly audit report       severity: 'high',
31 silly audit report       vulnerable_versions: '>=13.3.1-canary.0 <14.2.35',
31 silly audit report       cwe: [Array],
31 silly audit report       cvss: [Object]
31 silly audit report     },
31 silly audit report     {
31 silly audit report       id: 1108291,
31 silly audit report       url: 'https://github.com/advisories/GHSA-qpjv-v59x-3qc4',
31 silly audit report       title: 'Next.js Race Condition to Cache Poisoning',
31 silly audit report       severity: 'low',
31 silly audit report       vulnerable_versions: '>=0.9.9 <14.2.24',
31 silly audit report       cwe: [Array],
31 silly audit report       cvss: [Object]
31 silly audit report     },
31 silly audit report     {
31 silly audit report       id: 1112593,
31 silly audit report       url: 'https://github.com/advisories/GHSA-9g9p-9gw9-jx7f',
31 silly audit report       title: 'Next.js self-hosted applications vulnerable to DoS via Image Optimizer remotePatterns configuration',
31 silly audit report       severity: 'moderate',
31 silly audit report       vulnerable_versions: '>=10.0.0 <15.5.10',
31 silly audit report       cwe: [Array],
31 silly audit report       cvss: [Object]
31 silly audit report     },
31 silly audit report     {
31 silly audit report       id: 1112653,
31 silly audit report       url: 'https://github.com/advisories/GHSA-h25m-26qc-wcjf',
31 silly audit report       title: 'Next.js HTTP request deserialization can lead to DoS when using insecure React Server Components',
31 silly audit report       severity: 'high',
31 silly audit report       vulnerable_versions: '>=13.0.0 <15.0.8',
31 silly audit report       cwe: [Array],
31 silly audit report       cvss: [Object]
31 silly audit report     },
31 silly audit report     {
31 silly audit report       id: 1113689,
31 silly audit report       url: 'https://github.com/advisories/GHSA-f82v-jwr5-mffw',
31 silly audit report       title: 'Authorization Bypass in Next.js Middleware',
31 silly audit report       severity: 'critical',
31 silly audit report       vulnerable_versions: '>=14.0.0 <14.2.25',
31 silly audit report       cwe: [Array],
31 silly audit report       cvss: [Object]
31 silly audit report     },
31 silly audit report     {
31 silly audit report       id: 1114897,
31 silly audit report       url: 'https://github.com/advisories/GHSA-ggv3-7p47-pfv8',
31 silly audit report       title: 'Next.js: HTTP request smuggling in rewrites',
31 silly audit report       severity: 'moderate',
31 silly audit report       vulnerable_versions: '>=9.5.0 <15.5.13',
31 silly audit report       cwe: [Array],
31 silly audit report       cvss: [Object]
31 silly audit report     },
31 silly audit report     {
31 silly audit report       id: 1114940,
31 silly audit report       url: 'https://github.com/advisories/GHSA-3x4c-7xq6-9pq8',
31 silly audit report       title: 'Next.js: Unbounded next/image disk cache growth can exhaust storage',
31 silly audit report       severity: 'moderate',
31 silly audit report       vulnerable_versions: '>=10.0.0 <15.5.14',
31 silly audit report       cwe: [Array],
31 silly audit report       cvss: [Object]
31 silly audit report     }
31 silly audit report   ]
31 silly audit report }
32 silly packumentCache corgi:https://registry.npmjs.org/next cache-miss
33 http fetch GET 200 https://registry.npmjs.org/next 1712ms (cache miss)
34 silly packumentCache corgi:https://registry.npmjs.org/next set size:undefined disposed:false
35 http fetch GET 200 https://registry.npmjs.org/@next/swc-linux-x64-gnu/-/swc-linux-x64-gnu-14.2.5.tgz 7926ms (cache miss)
36 http fetch GET 200 https://registry.npmjs.org/@next/swc-linux-x64-musl/-/swc-linux-x64-musl-14.2.5.tgz 8439ms (cache miss)
37 silly ADD
38 silly ADD
39 silly ADD node_modules/@next/swc-linux-x64-musl
40 silly ADD node_modules/@next/swc-linux-x64-gnu
41 silly ADD
42 silly ADD
43 silly ADD
44 silly ADD
45 verbose cwd /mnt/e/jenkins-basic
46 verbose os Linux 6.6.87.2-microsoft-standard-WSL2
47 verbose node v20.20.2
48 verbose npm  v10.8.2
49 verbose exit 0
50 info ok
