0 verbose cli /home/quanap/.nvm/versions/node/v20.20.2/bin/node /home/quanap/.nvm/versions/node/v20.20.2/bin/npm
1 info using npm@10.8.2
2 info using node@v20.20.2
3 silly config load:file:/home/quanap/.nvm/versions/node/v20.20.2/lib/node_modules/npm/npmrc
4 silly config load:file:/mnt/e/jenkins-basic/.npmrc
5 silly config load:file:/home/quanap/.npmrc
6 silly config load:file:/home/quanap/.nvm/versions/node/v20.20.2/etc/npmrc
7 verbose title npm audit fix
8 verbose argv "audit" "fix" "--force"
9 verbose logfile logs-max:10 dir:/mnt/e/jenkins-basic/.npm-cache/_logs/2026-04-10T07_10_21_722Z-
10 verbose logfile /mnt/e/jenkins-basic/.npm-cache/_logs/2026-04-10T07_10_21_722Z-debug-0.log
11 warn using --force Recommended protections disabled.
12 silly packumentCache heap:2197815296 maxSize:549453824 maxEntrySize:274726912
13 silly logfile done cleaning log files
14 silly audit bulk request {
14 silly audit   '@next/env': [ '14.2.35' ],
14 silly audit   '@next/swc-darwin-arm64': [ '14.2.33' ],
14 silly audit   '@next/swc-darwin-x64': [ '14.2.33' ],
14 silly audit   '@next/swc-linux-arm64-gnu': [ '14.2.33' ],
14 silly audit   '@next/swc-linux-arm64-musl': [ '14.2.33' ],
14 silly audit   '@next/swc-linux-x64-gnu': [ '14.2.33' ],
14 silly audit   '@next/swc-linux-x64-musl': [ '14.2.33' ],
14 silly audit   '@next/swc-win32-arm64-msvc': [ '14.2.33' ],
14 silly audit   '@next/swc-win32-ia32-msvc': [ '14.2.33' ],
14 silly audit   '@next/swc-win32-x64-msvc': [ '14.2.33' ],
14 silly audit   '@swc/counter': [ '0.1.3' ],
14 silly audit   '@swc/helpers': [ '0.5.5' ],
14 silly audit   '@types/node': [ '20.14.10' ],
14 silly audit   '@types/prop-types': [ '15.7.15' ],
14 silly audit   '@types/react': [ '18.3.3' ],
14 silly audit   '@types/react-dom': [ '18.3.0' ],
14 silly audit   busboy: [ '1.6.0' ],
14 silly audit   'caniuse-lite': [ '1.0.30001787' ],
14 silly audit   'client-only': [ '0.0.1' ],
14 silly audit   csstype: [ '3.2.3' ],
14 silly audit   'graceful-fs': [ '4.2.11' ],
14 silly audit   'js-tokens': [ '4.0.0' ],
14 silly audit   'loose-envify': [ '1.4.0' ],
14 silly audit   nanoid: [ '3.3.11' ],
14 silly audit   next: [ '14.2.35' ],
14 silly audit   picocolors: [ '1.1.1' ],
14 silly audit   postcss: [ '8.4.31' ],
14 silly audit   react: [ '18.2.0' ],
14 silly audit   'react-dom': [ '18.2.0' ],
14 silly audit   scheduler: [ '0.23.2' ],
14 silly audit   'source-map-js': [ '1.2.1' ],
14 silly audit   streamsearch: [ '1.1.0' ],
14 silly audit   'styled-jsx': [ '5.1.1' ],
14 silly audit   tslib: [ '2.8.1' ],
14 silly audit   typescript: [ '5.5.4' ],
14 silly audit   'undici-types': [ '5.26.5' ]
14 silly audit }
15 http fetch POST 200 https://registry.npmjs.org/-/npm/v1/security/advisories/bulk 425ms
16 silly audit report {
16 silly audit report   next: [
16 silly audit report     {
16 silly audit report       id: 1112593,
16 silly audit report       url: 'https://github.com/advisories/GHSA-9g9p-9gw9-jx7f',
16 silly audit report       title: 'Next.js self-hosted applications vulnerable to DoS via Image Optimizer remotePatterns configuration',
16 silly audit report       severity: 'moderate',
16 silly audit report       vulnerable_versions: '>=10.0.0 <15.5.10',
16 silly audit report       cwe: [Array],
16 silly audit report       cvss: [Object]
16 silly audit report     },
16 silly audit report     {
16 silly audit report       id: 1112653,
16 silly audit report       url: 'https://github.com/advisories/GHSA-h25m-26qc-wcjf',
16 silly audit report       title: 'Next.js HTTP request deserialization can lead to DoS when using insecure React Server Components',
16 silly audit report       severity: 'high',
16 silly audit report       vulnerable_versions: '>=13.0.0 <15.0.8',
16 silly audit report       cwe: [Array],
16 silly audit report       cvss: [Object]
16 silly audit report     },
16 silly audit report     {
16 silly audit report       id: 1114897,
16 silly audit report       url: 'https://github.com/advisories/GHSA-ggv3-7p47-pfv8',
16 silly audit report       title: 'Next.js: HTTP request smuggling in rewrites',
16 silly audit report       severity: 'moderate',
16 silly audit report       vulnerable_versions: '>=9.5.0 <15.5.13',
16 silly audit report       cwe: [Array],
16 silly audit report       cvss: [Object]
16 silly audit report     },
16 silly audit report     {
16 silly audit report       id: 1114940,
16 silly audit report       url: 'https://github.com/advisories/GHSA-3x4c-7xq6-9pq8',
16 silly audit report       title: 'Next.js: Unbounded next/image disk cache growth can exhaust storage',
16 silly audit report       severity: 'moderate',
16 silly audit report       vulnerable_versions: '>=10.0.0 <15.5.14',
16 silly audit report       cwe: [Array],
16 silly audit report       cvss: [Object]
16 silly audit report     }
16 silly audit report   ]
16 silly audit report }
17 silly packumentCache corgi:https://registry.npmjs.org/next cache-miss
18 http fetch GET 200 https://registry.npmjs.org/next 186ms (cache hit)
19 silly packumentCache corgi:https://registry.npmjs.org/next set size:24633885 disposed:false
20 warn audit Updating next to 16.2.3, which is a SemVer major change.
21 silly idealTree buildDeps
22 silly fetch manifest next@16.2.3
23 silly packumentCache full:https://registry.npmjs.org/next cache-miss
24 http fetch GET 200 https://registry.npmjs.org/next 216ms (cache hit)
25 silly packumentCache full:https://registry.npmjs.org/next set size:30016099 disposed:false
26 silly fetch manifest @opentelemetry/api@^1.1.0
27 silly packumentCache full:https://registry.npmjs.org/@opentelemetry%2fapi cache-miss
28 http fetch GET 200 https://registry.npmjs.org/@opentelemetry%2fapi 37ms (cache hit)
29 silly packumentCache full:https://registry.npmjs.org/@opentelemetry%2fapi set size:272855 disposed:false
30 silly fetch manifest @playwright/test@^1.51.1
31 silly packumentCache full:https://registry.npmjs.org/@playwright%2ftest cache-miss
32 http fetch GET 200 https://registry.npmjs.org/@playwright%2ftest 92ms (cache hit)
33 silly packumentCache full:https://registry.npmjs.org/@playwright%2ftest set size:8993347 disposed:false
34 silly fetch manifest babel-plugin-react-compiler@*
35 silly packumentCache full:https://registry.npmjs.org/babel-plugin-react-compiler cache-miss
36 http fetch GET 200 https://registry.npmjs.org/babel-plugin-react-compiler 142ms (cache miss)
37 silly packumentCache full:https://registry.npmjs.org/babel-plugin-react-compiler set size:undefined disposed:false
38 silly fetch manifest react@18.2.0
39 silly packumentCache full:https://registry.npmjs.org/react cache-miss
40 http fetch GET 200 https://registry.npmjs.org/react 63ms (cache hit)
41 silly packumentCache full:https://registry.npmjs.org/react set size:6598084 disposed:false
42 silly fetch manifest react-dom@18.2.0
43 silly packumentCache full:https://registry.npmjs.org/react-dom cache-miss
44 http fetch GET 200 https://registry.npmjs.org/react-dom 81ms (cache hit)
45 silly packumentCache full:https://registry.npmjs.org/react-dom set size:8778661 disposed:false
46 silly fetch manifest sass@^1.3.0
47 silly packumentCache full:https://registry.npmjs.org/sass cache-miss
48 http fetch GET 200 https://registry.npmjs.org/sass 32ms (cache hit)
49 silly packumentCache full:https://registry.npmjs.org/sass set size:726244 disposed:false
50 silly placeDep ROOT next@16.2.3 REPLACE for: jenkins-basic-demo@0.1.0 want: 16.2.3
51 silly fetch manifest @next/env@16.2.3
52 silly packumentCache full:https://registry.npmjs.org/@next%2fenv cache-miss
53 silly fetch manifest styled-jsx@5.1.6
54 silly packumentCache full:https://registry.npmjs.org/styled-jsx cache-miss
55 silly fetch manifest @swc/helpers@0.5.15
56 silly packumentCache full:https://registry.npmjs.org/@swc%2fhelpers cache-miss
57 silly fetch manifest baseline-browser-mapping@^2.9.19
58 silly packumentCache full:https://registry.npmjs.org/baseline-browser-mapping cache-miss
59 silly fetch manifest sharp@^0.34.5
60 silly packumentCache full:https://registry.npmjs.org/sharp cache-miss
61 silly fetch manifest @next/swc-darwin-x64@16.2.3
62 silly packumentCache full:https://registry.npmjs.org/@next%2fswc-darwin-x64 cache-miss
63 silly fetch manifest @next/swc-darwin-arm64@16.2.3
64 silly packumentCache full:https://registry.npmjs.org/@next%2fswc-darwin-arm64 cache-miss
65 http fetch GET 200 https://registry.npmjs.org/@next%2fswc-darwin-x64 100ms (cache hit)
66 silly packumentCache full:https://registry.npmjs.org/@next%2fswc-darwin-x64 set size:5110958 disposed:false
67 silly fetch manifest @next/swc-linux-x64-gnu@16.2.3
68 silly packumentCache full:https://registry.npmjs.org/@next%2fswc-linux-x64-gnu cache-miss
69 http fetch GET 200 https://registry.npmjs.org/@next%2fswc-darwin-arm64 154ms (cache hit)
70 silly packumentCache full:https://registry.npmjs.org/@next%2fswc-darwin-arm64 set size:5166940 disposed:false
71 silly fetch manifest @next/swc-linux-x64-musl@16.2.3
72 silly packumentCache full:https://registry.npmjs.org/@next%2fswc-linux-x64-musl cache-miss
73 http fetch GET 200 https://registry.npmjs.org/@next%2fenv 203ms (cache hit)
74 silly packumentCache full:https://registry.npmjs.org/@next%2fenv set size:7143042 disposed:false
75 silly fetch manifest @next/swc-win32-x64-msvc@16.2.3
76 silly packumentCache full:https://registry.npmjs.org/@next%2fswc-win32-x64-msvc cache-miss
77 http fetch GET 200 https://registry.npmjs.org/baseline-browser-mapping 329ms (cache miss)
78 silly packumentCache full:https://registry.npmjs.org/baseline-browser-mapping set size:undefined disposed:false
79 silly fetch manifest @next/swc-linux-arm64-gnu@16.2.3
80 silly packumentCache full:https://registry.npmjs.org/@next%2fswc-linux-arm64-gnu cache-miss
81 http fetch GET 200 https://registry.npmjs.org/@next%2fswc-linux-x64-musl 157ms (cache hit)
82 silly packumentCache full:https://registry.npmjs.org/@next%2fswc-linux-x64-musl set size:4971192 disposed:false
83 silly fetch manifest @next/swc-linux-arm64-musl@16.2.3
84 silly packumentCache full:https://registry.npmjs.org/@next%2fswc-linux-arm64-musl cache-miss
85 http fetch GET 200 https://registry.npmjs.org/@next%2fswc-win32-x64-msvc 130ms (cache hit)
86 silly packumentCache full:https://registry.npmjs.org/@next%2fswc-win32-x64-msvc set size:5187416 disposed:false
87 silly fetch manifest @next/swc-win32-arm64-msvc@16.2.3
88 silly packumentCache full:https://registry.npmjs.org/@next%2fswc-win32-arm64-msvc cache-miss
89 http fetch GET 200 https://registry.npmjs.org/@next%2fswc-linux-x64-gnu 265ms (cache hit)
90 silly packumentCache full:https://registry.npmjs.org/@next%2fswc-linux-x64-gnu set size:5215007 disposed:false
91 http fetch GET 200 https://registry.npmjs.org/styled-jsx 475ms (cache revalidated)
92 silly packumentCache full:https://registry.npmjs.org/styled-jsx set size:436113 disposed:false
93 http fetch GET 200 https://registry.npmjs.org/@swc%2fhelpers 481ms (cache revalidated)
94 silly packumentCache full:https://registry.npmjs.org/@swc%2fhelpers set size:726705 disposed:false
95 http fetch GET 200 https://registry.npmjs.org/@next%2fswc-linux-arm64-musl 134ms (cache hit)
96 silly packumentCache full:https://registry.npmjs.org/@next%2fswc-linux-arm64-musl set size:5035324 disposed:false
97 http fetch GET 200 https://registry.npmjs.org/@next%2fswc-linux-arm64-gnu 205ms (cache hit)
98 silly packumentCache full:https://registry.npmjs.org/@next%2fswc-linux-arm64-gnu set size:5017804 disposed:false
99 http fetch GET 200 https://registry.npmjs.org/@next%2fswc-win32-arm64-msvc 161ms (cache hit)
100 silly packumentCache full:https://registry.npmjs.org/@next%2fswc-win32-arm64-msvc set size:5000146 disposed:false
101 http fetch GET 200 https://registry.npmjs.org/sharp 630ms (cache miss)
102 silly packumentCache full:https://registry.npmjs.org/sharp set size:undefined disposed:false
103 silly fetch manifest react@^18.2.0 || 19.0.0-rc-de68d2f4-20241204 || ^19.0.0
104 silly packumentCache full:https://registry.npmjs.org/react cache-miss
105 http fetch GET 200 https://registry.npmjs.org/react 54ms (cache hit)
106 silly packumentCache full:https://registry.npmjs.org/react set size:6598084 disposed:false
107 silly placeDep ROOT @next/env@16.2.3 OK for: next@16.2.3 want: 16.2.3
108 silly placeDep ROOT @next/swc-darwin-arm64@16.2.3 OK for: next@16.2.3 want: 16.2.3
109 silly placeDep ROOT @next/swc-darwin-x64@16.2.3 OK for: next@16.2.3 want: 16.2.3
110 silly placeDep ROOT @next/swc-linux-arm64-gnu@16.2.3 OK for: next@16.2.3 want: 16.2.3
111 silly placeDep ROOT @next/swc-linux-arm64-musl@16.2.3 OK for: next@16.2.3 want: 16.2.3
112 silly placeDep ROOT @next/swc-linux-x64-gnu@16.2.3 OK for: next@16.2.3 want: 16.2.3
113 silly placeDep ROOT @next/swc-linux-x64-musl@16.2.3 OK for: next@16.2.3 want: 16.2.3
114 silly placeDep ROOT @next/swc-win32-arm64-msvc@16.2.3 OK for: next@16.2.3 want: 16.2.3
115 silly placeDep ROOT @next/swc-win32-x64-msvc@16.2.3 OK for: next@16.2.3 want: 16.2.3
116 silly placeDep ROOT @swc/helpers@0.5.15 OK for: next@16.2.3 want: 0.5.15
117 silly placeDep ROOT baseline-browser-mapping@2.10.17 OK for: next@16.2.3 want: ^2.9.19
118 silly placeDep ROOT sharp@0.34.5 OK for: next@16.2.3 want: ^0.34.5
119 silly placeDep ROOT styled-jsx@5.1.6 OK for: next@16.2.3 want: 5.1.6
120 silly fetch manifest tslib@^2.8.0
121 silly packumentCache full:https://registry.npmjs.org/tslib cache-miss
122 silly fetch manifest semver@^7.7.3
123 silly packumentCache full:https://registry.npmjs.org/semver cache-miss
124 silly fetch manifest @img/colour@^1.0.0
125 silly packumentCache full:https://registry.npmjs.org/@img%2fcolour cache-miss
126 silly fetch manifest detect-libc@^2.1.2
127 silly packumentCache full:https://registry.npmjs.org/detect-libc cache-miss
128 silly fetch manifest @img/sharp-wasm32@0.34.5
129 silly packumentCache full:https://registry.npmjs.org/@img%2fsharp-wasm32 cache-miss
130 silly fetch manifest @img/sharp-linux-arm@0.34.5
131 silly packumentCache full:https://registry.npmjs.org/@img%2fsharp-linux-arm cache-miss
132 silly fetch manifest @img/sharp-linux-x64@0.34.5
133 silly packumentCache full:https://registry.npmjs.org/@img%2fsharp-linux-x64 cache-miss
134 http fetch GET 200 https://registry.npmjs.org/detect-libc 94ms (cache miss)
135 silly packumentCache full:https://registry.npmjs.org/detect-libc set size:undefined disposed:false
136 silly fetch manifest @img/sharp-win32-x64@0.34.5
137 silly packumentCache full:https://registry.npmjs.org/@img%2fsharp-win32-x64 cache-miss
138 http fetch GET 200 https://registry.npmjs.org/@img%2fsharp-wasm32 112ms (cache miss)
139 silly packumentCache full:https://registry.npmjs.org/@img%2fsharp-wasm32 set size:undefined disposed:false
140 silly fetch manifest @img/sharp-darwin-x64@0.34.5
141 silly packumentCache full:https://registry.npmjs.org/@img%2fsharp-darwin-x64 cache-miss
142 http fetch GET 200 https://registry.npmjs.org/@img%2fsharp-linux-arm 115ms (cache miss)
143 silly packumentCache full:https://registry.npmjs.org/@img%2fsharp-linux-arm set size:undefined disposed:false
144 silly fetch manifest @img/sharp-win32-ia32@0.34.5
145 silly packumentCache full:https://registry.npmjs.org/@img%2fsharp-win32-ia32 cache-miss
146 http fetch GET 200 https://registry.npmjs.org/semver 127ms (cache miss)
147 silly packumentCache full:https://registry.npmjs.org/semver set size:undefined disposed:false
148 silly fetch manifest @img/sharp-linux-arm64@0.34.5
149 silly packumentCache full:https://registry.npmjs.org/@img%2fsharp-linux-arm64 cache-miss
150 http fetch GET 200 https://registry.npmjs.org/@img%2fcolour 184ms (cache miss)
151 silly packumentCache full:https://registry.npmjs.org/@img%2fcolour set size:undefined disposed:false
152 silly fetch manifest @img/sharp-linux-ppc64@0.34.5
153 silly packumentCache full:https://registry.npmjs.org/@img%2fsharp-linux-ppc64 cache-miss
154 http fetch GET 200 https://registry.npmjs.org/@img%2fsharp-win32-x64 97ms (cache miss)
155 silly packumentCache full:https://registry.npmjs.org/@img%2fsharp-win32-x64 set size:undefined disposed:false
156 silly fetch manifest @img/sharp-linux-s390x@0.34.5
157 silly packumentCache full:https://registry.npmjs.org/@img%2fsharp-linux-s390x cache-miss
158 http fetch GET 200 https://registry.npmjs.org/@img%2fsharp-win32-ia32 97ms (cache miss)
159 silly packumentCache full:https://registry.npmjs.org/@img%2fsharp-win32-ia32 set size:undefined disposed:false
160 silly fetch manifest @img/sharp-win32-arm64@0.34.5
161 silly packumentCache full:https://registry.npmjs.org/@img%2fsharp-win32-arm64 cache-miss
162 http fetch GET 200 https://registry.npmjs.org/@img%2fsharp-darwin-x64 109ms (cache miss)
163 silly packumentCache full:https://registry.npmjs.org/@img%2fsharp-darwin-x64 set size:undefined disposed:false
164 silly fetch manifest @img/sharp-darwin-arm64@0.34.5
165 silly packumentCache full:https://registry.npmjs.org/@img%2fsharp-darwin-arm64 cache-miss
166 http fetch GET 200 https://registry.npmjs.org/tslib 235ms (cache revalidated)
167 silly packumentCache full:https://registry.npmjs.org/tslib set size:108760 disposed:false
168 silly fetch manifest @img/sharp-linux-riscv64@0.34.5
169 silly packumentCache full:https://registry.npmjs.org/@img%2fsharp-linux-riscv64 cache-miss
170 http fetch GET 200 https://registry.npmjs.org/@img%2fsharp-linux-arm64 136ms (cache miss)
171 silly packumentCache full:https://registry.npmjs.org/@img%2fsharp-linux-arm64 set size:undefined disposed:false
172 silly fetch manifest @img/sharp-linuxmusl-x64@0.34.5
173 silly packumentCache full:https://registry.npmjs.org/@img%2fsharp-linuxmusl-x64 cache-miss
174 http fetch GET 200 https://registry.npmjs.org/@img%2fsharp-linux-ppc64 91ms (cache miss)
175 silly packumentCache full:https://registry.npmjs.org/@img%2fsharp-linux-ppc64 set size:undefined disposed:false
176 silly fetch manifest @img/sharp-linuxmusl-arm64@0.34.5
177 silly packumentCache full:https://registry.npmjs.org/@img%2fsharp-linuxmusl-arm64 cache-miss
178 http fetch GET 200 https://registry.npmjs.org/@img%2fsharp-linux-s390x 118ms (cache miss)
179 silly packumentCache full:https://registry.npmjs.org/@img%2fsharp-linux-s390x set size:undefined disposed:false
180 silly fetch manifest @img/sharp-libvips-linux-arm@1.2.4
181 silly packumentCache full:https://registry.npmjs.org/@img%2fsharp-libvips-linux-arm cache-miss
182 http fetch GET 200 https://registry.npmjs.org/@img%2fsharp-linux-x64 318ms (cache miss)
183 silly packumentCache full:https://registry.npmjs.org/@img%2fsharp-linux-x64 set size:undefined disposed:false
184 silly fetch manifest @img/sharp-libvips-linux-x64@1.2.4
185 silly packumentCache full:https://registry.npmjs.org/@img%2fsharp-libvips-linux-x64 cache-miss
186 http fetch GET 200 https://registry.npmjs.org/@img%2fsharp-win32-arm64 108ms (cache miss)
187 silly packumentCache full:https://registry.npmjs.org/@img%2fsharp-win32-arm64 set size:undefined disposed:false
188 silly fetch manifest @img/sharp-libvips-darwin-x64@1.2.4
189 silly packumentCache full:https://registry.npmjs.org/@img%2fsharp-libvips-darwin-x64 cache-miss
190 http fetch GET 200 https://registry.npmjs.org/@img%2fsharp-darwin-arm64 103ms (cache miss)
191 silly packumentCache full:https://registry.npmjs.org/@img%2fsharp-darwin-arm64 set size:undefined disposed:false
192 silly fetch manifest @img/sharp-libvips-linux-arm64@1.2.4
193 silly packumentCache full:https://registry.npmjs.org/@img%2fsharp-libvips-linux-arm64 cache-miss
194 http fetch GET 200 https://registry.npmjs.org/@img%2fsharp-linux-riscv64 118ms (cache miss)
195 silly packumentCache full:https://registry.npmjs.org/@img%2fsharp-linux-riscv64 set size:undefined disposed:false
196 silly fetch manifest @img/sharp-libvips-linux-ppc64@1.2.4
197 silly packumentCache full:https://registry.npmjs.org/@img%2fsharp-libvips-linux-ppc64 cache-miss
198 http fetch GET 200 https://registry.npmjs.org/@img%2fsharp-linuxmusl-arm64 95ms (cache miss)
199 silly packumentCache full:https://registry.npmjs.org/@img%2fsharp-linuxmusl-arm64 set size:undefined disposed:false
200 silly fetch manifest @img/sharp-libvips-linux-s390x@1.2.4
201 silly packumentCache full:https://registry.npmjs.org/@img%2fsharp-libvips-linux-s390x cache-miss
202 http fetch GET 200 https://registry.npmjs.org/@img%2fsharp-linuxmusl-x64 117ms (cache miss)
203 silly packumentCache full:https://registry.npmjs.org/@img%2fsharp-linuxmusl-x64 set size:undefined disposed:false
204 silly fetch manifest @img/sharp-libvips-darwin-arm64@1.2.4
205 silly packumentCache full:https://registry.npmjs.org/@img%2fsharp-libvips-darwin-arm64 cache-miss
206 http fetch GET 200 https://registry.npmjs.org/@img%2fsharp-libvips-linux-x64 96ms (cache miss)
207 silly packumentCache full:https://registry.npmjs.org/@img%2fsharp-libvips-linux-x64 set size:undefined disposed:false
208 silly fetch manifest @img/sharp-libvips-linux-riscv64@1.2.4
209 silly packumentCache full:https://registry.npmjs.org/@img%2fsharp-libvips-linux-riscv64 cache-miss
210 http fetch GET 200 https://registry.npmjs.org/@img%2fsharp-libvips-linux-arm64 92ms (cache miss)
211 silly packumentCache full:https://registry.npmjs.org/@img%2fsharp-libvips-linux-arm64 set size:undefined disposed:false
212 silly fetch manifest @img/sharp-libvips-linuxmusl-x64@1.2.4
213 silly packumentCache full:https://registry.npmjs.org/@img%2fsharp-libvips-linuxmusl-x64 cache-miss
214 http fetch GET 200 https://registry.npmjs.org/@img%2fsharp-libvips-darwin-x64 116ms (cache miss)
215 silly packumentCache full:https://registry.npmjs.org/@img%2fsharp-libvips-darwin-x64 set size:undefined disposed:false
216 silly fetch manifest @img/sharp-libvips-linuxmusl-arm64@1.2.4
217 silly packumentCache full:https://registry.npmjs.org/@img%2fsharp-libvips-linuxmusl-arm64 cache-miss
218 http fetch GET 200 https://registry.npmjs.org/@img%2fsharp-libvips-linux-arm 139ms (cache miss)
219 silly packumentCache full:https://registry.npmjs.org/@img%2fsharp-libvips-linux-arm set size:undefined disposed:false
220 silly fetch manifest client-only@0.0.1
221 silly packumentCache full:https://registry.npmjs.org/client-only cache-miss
222 http fetch GET 200 https://registry.npmjs.org/@img%2fsharp-libvips-linux-ppc64 119ms (cache miss)
223 silly packumentCache full:https://registry.npmjs.org/@img%2fsharp-libvips-linux-ppc64 set size:undefined disposed:false
224 http fetch GET 200 https://registry.npmjs.org/@img%2fsharp-libvips-linux-s390x 99ms (cache miss)
225 silly packumentCache full:https://registry.npmjs.org/@img%2fsharp-libvips-linux-s390x set size:undefined disposed:false
226 http fetch GET 200 https://registry.npmjs.org/@img%2fsharp-libvips-darwin-arm64 117ms (cache miss)
227 silly packumentCache full:https://registry.npmjs.org/@img%2fsharp-libvips-darwin-arm64 set size:undefined disposed:false
228 http fetch GET 200 https://registry.npmjs.org/@img%2fsharp-libvips-linux-riscv64 102ms (cache miss)
229 silly packumentCache full:https://registry.npmjs.org/@img%2fsharp-libvips-linux-riscv64 set size:undefined disposed:false
230 http fetch GET 200 https://registry.npmjs.org/@img%2fsharp-libvips-linuxmusl-x64 102ms (cache miss)
231 silly packumentCache full:https://registry.npmjs.org/@img%2fsharp-libvips-linuxmusl-x64 set size:undefined disposed:false
232 http fetch GET 200 https://registry.npmjs.org/@img%2fsharp-libvips-linuxmusl-arm64 87ms (cache miss)
233 silly packumentCache full:https://registry.npmjs.org/@img%2fsharp-libvips-linuxmusl-arm64 set size:undefined disposed:false
234 http fetch GET 200 https://registry.npmjs.org/client-only 120ms (cache revalidated)
235 silly packumentCache full:https://registry.npmjs.org/client-only set size:2750 disposed:false
236 silly placeDep ROOT tslib@2.8.1 OK for: @swc/helpers@0.5.15 want: ^2.8.0
237 silly placeDep ROOT @img/colour@1.1.0 OK for: sharp@0.34.5 want: ^1.0.0
238 silly placeDep ROOT @img/sharp-darwin-arm64@0.34.5 OK for: sharp@0.34.5 want: 0.34.5
239 silly placeDep ROOT @img/sharp-darwin-x64@0.34.5 OK for: sharp@0.34.5 want: 0.34.5
240 silly placeDep ROOT @img/sharp-libvips-darwin-arm64@1.2.4 OK for: sharp@0.34.5 want: 1.2.4
241 silly placeDep ROOT @img/sharp-libvips-darwin-x64@1.2.4 OK for: sharp@0.34.5 want: 1.2.4
242 silly placeDep ROOT @img/sharp-libvips-linux-arm@1.2.4 OK for: sharp@0.34.5 want: 1.2.4
243 silly placeDep ROOT @img/sharp-libvips-linux-arm64@1.2.4 OK for: sharp@0.34.5 want: 1.2.4
244 silly placeDep ROOT @img/sharp-libvips-linux-ppc64@1.2.4 OK for: sharp@0.34.5 want: 1.2.4
245 silly placeDep ROOT @img/sharp-libvips-linux-riscv64@1.2.4 OK for: sharp@0.34.5 want: 1.2.4
246 silly placeDep ROOT @img/sharp-libvips-linux-s390x@1.2.4 OK for: sharp@0.34.5 want: 1.2.4
247 silly placeDep ROOT @img/sharp-libvips-linux-x64@1.2.4 OK for: sharp@0.34.5 want: 1.2.4
248 silly placeDep ROOT @img/sharp-libvips-linuxmusl-arm64@1.2.4 OK for: sharp@0.34.5 want: 1.2.4
249 silly placeDep ROOT @img/sharp-libvips-linuxmusl-x64@1.2.4 OK for: sharp@0.34.5 want: 1.2.4
250 silly placeDep ROOT @img/sharp-linux-arm@0.34.5 OK for: sharp@0.34.5 want: 0.34.5
251 silly placeDep ROOT @img/sharp-linux-arm64@0.34.5 OK for: sharp@0.34.5 want: 0.34.5
252 silly placeDep ROOT @img/sharp-linux-ppc64@0.34.5 OK for: sharp@0.34.5 want: 0.34.5
253 silly placeDep ROOT @img/sharp-linux-riscv64@0.34.5 OK for: sharp@0.34.5 want: 0.34.5
254 silly placeDep ROOT @img/sharp-linux-s390x@0.34.5 OK for: sharp@0.34.5 want: 0.34.5
255 silly placeDep ROOT @img/sharp-linux-x64@0.34.5 OK for: sharp@0.34.5 want: 0.34.5
256 silly placeDep ROOT @img/sharp-linuxmusl-arm64@0.34.5 OK for: sharp@0.34.5 want: 0.34.5
257 silly placeDep ROOT @img/sharp-linuxmusl-x64@0.34.5 OK for: sharp@0.34.5 want: 0.34.5
258 silly placeDep ROOT @img/sharp-wasm32@0.34.5 OK for: sharp@0.34.5 want: 0.34.5
259 silly placeDep ROOT @img/sharp-win32-arm64@0.34.5 OK for: sharp@0.34.5 want: 0.34.5
260 silly placeDep ROOT @img/sharp-win32-ia32@0.34.5 OK for: sharp@0.34.5 want: 0.34.5
261 silly placeDep ROOT @img/sharp-win32-x64@0.34.5 OK for: sharp@0.34.5 want: 0.34.5
262 silly placeDep ROOT detect-libc@2.1.2 OK for: sharp@0.34.5 want: ^2.1.2
263 silly placeDep ROOT semver@7.7.4 OK for: sharp@0.34.5 want: ^7.7.3
264 silly fetch manifest @emnapi/runtime@^1.7.0
265 silly packumentCache full:https://registry.npmjs.org/@emnapi%2fruntime cache-miss
266 http fetch GET 200 https://registry.npmjs.org/@emnapi%2fruntime 164ms (cache miss)
267 silly packumentCache full:https://registry.npmjs.org/@emnapi%2fruntime set size:undefined disposed:false
268 silly placeDep ROOT @emnapi/runtime@1.9.2 OK for: @img/sharp-wasm32@0.34.5 want: ^1.7.0
269 silly placeDep ROOT client-only@0.0.1 OK for: styled-jsx@5.1.6 want: 0.0.1
270 silly reify mark retired [ '/mnt/e/jenkins-basic/node_modules/@next/env' ]
271 silly reify mark retired [ '/mnt/e/jenkins-basic/node_modules/@next/swc-linux-x64-gnu' ]
272 silly reify mark retired [ '/mnt/e/jenkins-basic/node_modules/@swc/counter' ]
273 silly reify mark retired [ '/mnt/e/jenkins-basic/node_modules/@swc/helpers' ]
274 silly reify mark retired [ '/mnt/e/jenkins-basic/node_modules/busboy' ]
275 silly reify mark retired [ '/mnt/e/jenkins-basic/node_modules/graceful-fs' ]
276 silly reify mark retired [
276 silly reify   '/mnt/e/jenkins-basic/node_modules/next',
276 silly reify   '/mnt/e/jenkins-basic/node_modules/.bin/next'
276 silly reify ]
277 silly reify mark retired [ '/mnt/e/jenkins-basic/node_modules/streamsearch' ]
278 silly reify mark retired [ '/mnt/e/jenkins-basic/node_modules/styled-jsx' ]
279 silly reify moves {
279 silly reify   '/mnt/e/jenkins-basic/node_modules/@next/env': '/mnt/e/jenkins-basic/node_modules/@next/.env-aRT8j14D',
279 silly reify   '/mnt/e/jenkins-basic/node_modules/@next/swc-linux-x64-gnu': '/mnt/e/jenkins-basic/node_modules/@next/.swc-linux-x64-gnu-pQv84DQ1',
279 silly reify   '/mnt/e/jenkins-basic/node_modules/@swc/counter': '/mnt/e/jenkins-basic/node_modules/@swc/.counter-U97R2CYy',
279 silly reify   '/mnt/e/jenkins-basic/node_modules/@swc/helpers': '/mnt/e/jenkins-basic/node_modules/@swc/.helpers-ibDLL8uN',
279 silly reify   '/mnt/e/jenkins-basic/node_modules/busboy': '/mnt/e/jenkins-basic/node_modules/.busboy-JkvZJwer',
279 silly reify   '/mnt/e/jenkins-basic/node_modules/graceful-fs': '/mnt/e/jenkins-basic/node_modules/.graceful-fs-sYZDd5Fm',
279 silly reify   '/mnt/e/jenkins-basic/node_modules/next': '/mnt/e/jenkins-basic/node_modules/.next-ZKBHoaqG',
279 silly reify   '/mnt/e/jenkins-basic/node_modules/.bin/next': '/mnt/e/jenkins-basic/node_modules/.bin/.next-vJFbvHl5',
279 silly reify   '/mnt/e/jenkins-basic/node_modules/streamsearch': '/mnt/e/jenkins-basic/node_modules/.streamsearch-RKFnQ3ah',
279 silly reify   '/mnt/e/jenkins-basic/node_modules/styled-jsx': '/mnt/e/jenkins-basic/node_modules/.styled-jsx-nfykQ0GU'
279 silly reify }
280 silly audit bulk request {
280 silly audit   '@types/node': [ '20.14.10' ],
280 silly audit   '@types/prop-types': [ '15.7.15' ],
280 silly audit   '@types/react': [ '18.3.3' ],
280 silly audit   '@types/react-dom': [ '18.3.0' ],
280 silly audit   'caniuse-lite': [ '1.0.30001787' ],
280 silly audit   csstype: [ '3.2.3' ],
280 silly audit   'js-tokens': [ '4.0.0' ],
280 silly audit   'loose-envify': [ '1.4.0' ],
280 silly audit   nanoid: [ '3.3.11' ],
280 silly audit   picocolors: [ '1.1.1' ],
280 silly audit   postcss: [ '8.4.31' ],
280 silly audit   react: [ '18.2.0' ],
280 silly audit   'react-dom': [ '18.2.0' ],
280 silly audit   scheduler: [ '0.23.2' ],
280 silly audit   'source-map-js': [ '1.2.1' ],
280 silly audit   typescript: [ '5.5.4' ],
280 silly audit   'undici-types': [ '5.26.5' ],
280 silly audit   next: [ '16.2.3' ],
280 silly audit   '@next/env': [ '16.2.3' ],
280 silly audit   '@next/swc-darwin-arm64': [ '16.2.3' ],
280 silly audit   '@next/swc-darwin-x64': [ '16.2.3' ],
280 silly audit   '@next/swc-linux-arm64-gnu': [ '16.2.3' ],
280 silly audit   '@next/swc-linux-arm64-musl': [ '16.2.3' ],
280 silly audit   '@next/swc-linux-x64-gnu': [ '16.2.3' ],
280 silly audit   '@next/swc-linux-x64-musl': [ '16.2.3' ],
280 silly audit   '@next/swc-win32-arm64-msvc': [ '16.2.3' ],
280 silly audit   '@next/swc-win32-x64-msvc': [ '16.2.3' ],
280 silly audit   '@swc/helpers': [ '0.5.15' ],
280 silly audit   'baseline-browser-mapping': [ '2.10.17' ],
280 silly audit   sharp: [ '0.34.5' ],
280 silly audit   'styled-jsx': [ '5.1.6' ],
280 silly audit   tslib: [ '2.8.1' ],
280 silly audit   '@img/colour': [ '1.1.0' ],
280 silly audit   '@img/sharp-darwin-arm64': [ '0.34.5' ],
280 silly audit   '@img/sharp-darwin-x64': [ '0.34.5' ],
280 silly audit   '@img/sharp-libvips-darwin-arm64': [ '1.2.4' ],
280 silly audit   '@img/sharp-libvips-darwin-x64': [ '1.2.4' ],
280 silly audit   '@img/sharp-libvips-linux-arm': [ '1.2.4' ],
280 silly audit   '@img/sharp-libvips-linux-arm64': [ '1.2.4' ],
280 silly audit   '@img/sharp-libvips-linux-ppc64': [ '1.2.4' ],
280 silly audit   '@img/sharp-libvips-linux-riscv64': [ '1.2.4' ],
280 silly audit   '@img/sharp-libvips-linux-s390x': [ '1.2.4' ],
280 silly audit   '@img/sharp-libvips-linux-x64': [ '1.2.4' ],
280 silly audit   '@img/sharp-libvips-linuxmusl-arm64': [ '1.2.4' ],
280 silly audit   '@img/sharp-libvips-linuxmusl-x64': [ '1.2.4' ],
280 silly audit   '@img/sharp-linux-arm': [ '0.34.5' ],
280 silly audit   '@img/sharp-linux-arm64': [ '0.34.5' ],
280 silly audit   '@img/sharp-linux-ppc64': [ '0.34.5' ],
280 silly audit   '@img/sharp-linux-riscv64': [ '0.34.5' ],
280 silly audit   '@img/sharp-linux-s390x': [ '0.34.5' ],
280 silly audit   '@img/sharp-linux-x64': [ '0.34.5' ],
280 silly audit   '@img/sharp-linuxmusl-arm64': [ '0.34.5' ],
280 silly audit   '@img/sharp-linuxmusl-x64': [ '0.34.5' ],
280 silly audit   '@img/sharp-wasm32': [ '0.34.5' ],
280 silly audit   '@img/sharp-win32-arm64': [ '0.34.5' ],
280 silly audit   '@img/sharp-win32-ia32': [ '0.34.5' ],
280 silly audit   '@img/sharp-win32-x64': [ '0.34.5' ],
280 silly audit   'detect-libc': [ '2.1.2' ],
280 silly audit   semver: [ '7.7.4' ],
280 silly audit   '@emnapi/runtime': [ '1.9.2' ],
280 silly audit   'client-only': [ '0.0.1' ]
280 silly audit }
281 verbose reify failed optional dependency /mnt/e/jenkins-basic/node_modules/@img/sharp-win32-x64
282 silly reify mark deleted [ '/mnt/e/jenkins-basic/node_modules/@img/sharp-win32-x64' ]
283 verbose reify failed optional dependency /mnt/e/jenkins-basic/node_modules/@img/sharp-win32-ia32
284 silly reify mark deleted [ '/mnt/e/jenkins-basic/node_modules/@img/sharp-win32-ia32' ]
285 verbose reify failed optional dependency /mnt/e/jenkins-basic/node_modules/@img/sharp-win32-arm64
286 silly reify mark deleted [ '/mnt/e/jenkins-basic/node_modules/@img/sharp-win32-arm64' ]
287 verbose reify failed optional dependency /mnt/e/jenkins-basic/node_modules/@img/sharp-wasm32
288 silly reify mark deleted [ '/mnt/e/jenkins-basic/node_modules/@img/sharp-wasm32' ]
289 verbose reify failed optional dependency /mnt/e/jenkins-basic/node_modules/@emnapi/runtime
290 silly reify mark deleted [ '/mnt/e/jenkins-basic/node_modules/@emnapi/runtime' ]
291 verbose reify failed optional dependency /mnt/e/jenkins-basic/node_modules/@img/sharp-linuxmusl-x64
292 silly reify mark deleted [ '/mnt/e/jenkins-basic/node_modules/@img/sharp-linuxmusl-x64' ]
293 verbose reify failed optional dependency /mnt/e/jenkins-basic/node_modules/@img/sharp-linuxmusl-arm64
294 silly reify mark deleted [ '/mnt/e/jenkins-basic/node_modules/@img/sharp-linuxmusl-arm64' ]
295 verbose reify failed optional dependency /mnt/e/jenkins-basic/node_modules/@img/sharp-linux-s390x
296 silly reify mark deleted [ '/mnt/e/jenkins-basic/node_modules/@img/sharp-linux-s390x' ]
297 verbose reify failed optional dependency /mnt/e/jenkins-basic/node_modules/@img/sharp-linux-riscv64
298 silly reify mark deleted [ '/mnt/e/jenkins-basic/node_modules/@img/sharp-linux-riscv64' ]
299 verbose reify failed optional dependency /mnt/e/jenkins-basic/node_modules/@img/sharp-linux-ppc64
300 silly reify mark deleted [ '/mnt/e/jenkins-basic/node_modules/@img/sharp-linux-ppc64' ]
301 verbose reify failed optional dependency /mnt/e/jenkins-basic/node_modules/@img/sharp-linux-arm64
302 silly reify mark deleted [ '/mnt/e/jenkins-basic/node_modules/@img/sharp-linux-arm64' ]
303 verbose reify failed optional dependency /mnt/e/jenkins-basic/node_modules/@img/sharp-linux-arm
304 silly reify mark deleted [ '/mnt/e/jenkins-basic/node_modules/@img/sharp-linux-arm' ]
305 verbose reify failed optional dependency /mnt/e/jenkins-basic/node_modules/@img/sharp-libvips-linuxmusl-x64
306 silly reify mark deleted [
306 silly reify   '/mnt/e/jenkins-basic/node_modules/@img/sharp-libvips-linuxmusl-x64'
306 silly reify ]
307 verbose reify failed optional dependency /mnt/e/jenkins-basic/node_modules/@img/sharp-libvips-linuxmusl-arm64
308 silly reify mark deleted [
308 silly reify   '/mnt/e/jenkins-basic/node_modules/@img/sharp-libvips-linuxmusl-arm64'
308 silly reify ]
309 verbose reify failed optional dependency /mnt/e/jenkins-basic/node_modules/@img/sharp-libvips-linux-s390x
310 silly reify mark deleted [ '/mnt/e/jenkins-basic/node_modules/@img/sharp-libvips-linux-s390x' ]
311 verbose reify failed optional dependency /mnt/e/jenkins-basic/node_modules/@img/sharp-libvips-linux-riscv64
312 silly reify mark deleted [
312 silly reify   '/mnt/e/jenkins-basic/node_modules/@img/sharp-libvips-linux-riscv64'
312 silly reify ]
313 verbose reify failed optional dependency /mnt/e/jenkins-basic/node_modules/@img/sharp-libvips-linux-ppc64
314 silly reify mark deleted [ '/mnt/e/jenkins-basic/node_modules/@img/sharp-libvips-linux-ppc64' ]
315 verbose reify failed optional dependency /mnt/e/jenkins-basic/node_modules/@img/sharp-libvips-linux-arm64
316 silly reify mark deleted [ '/mnt/e/jenkins-basic/node_modules/@img/sharp-libvips-linux-arm64' ]
317 verbose reify failed optional dependency /mnt/e/jenkins-basic/node_modules/@img/sharp-libvips-linux-arm
318 silly reify mark deleted [ '/mnt/e/jenkins-basic/node_modules/@img/sharp-libvips-linux-arm' ]
319 verbose reify failed optional dependency /mnt/e/jenkins-basic/node_modules/@img/sharp-libvips-darwin-x64
320 silly reify mark deleted [ '/mnt/e/jenkins-basic/node_modules/@img/sharp-libvips-darwin-x64' ]
321 verbose reify failed optional dependency /mnt/e/jenkins-basic/node_modules/@img/sharp-libvips-darwin-arm64
322 silly reify mark deleted [ '/mnt/e/jenkins-basic/node_modules/@img/sharp-libvips-darwin-arm64' ]
323 verbose reify failed optional dependency /mnt/e/jenkins-basic/node_modules/@img/sharp-darwin-x64
324 silly reify mark deleted [ '/mnt/e/jenkins-basic/node_modules/@img/sharp-darwin-x64' ]
325 verbose reify failed optional dependency /mnt/e/jenkins-basic/node_modules/@img/sharp-darwin-arm64
326 silly reify mark deleted [ '/mnt/e/jenkins-basic/node_modules/@img/sharp-darwin-arm64' ]
327 verbose reify failed optional dependency /mnt/e/jenkins-basic/node_modules/@next/swc-win32-x64-msvc
328 silly reify mark deleted [ '/mnt/e/jenkins-basic/node_modules/@next/swc-win32-x64-msvc' ]
329 verbose reify failed optional dependency /mnt/e/jenkins-basic/node_modules/@next/swc-win32-arm64-msvc
330 silly reify mark deleted [ '/mnt/e/jenkins-basic/node_modules/@next/swc-win32-arm64-msvc' ]
331 verbose reify failed optional dependency /mnt/e/jenkins-basic/node_modules/@next/swc-linux-x64-musl
332 silly reify mark deleted [ '/mnt/e/jenkins-basic/node_modules/@next/swc-linux-x64-musl' ]
333 verbose reify failed optional dependency /mnt/e/jenkins-basic/node_modules/@next/swc-linux-arm64-musl
334 silly reify mark deleted [ '/mnt/e/jenkins-basic/node_modules/@next/swc-linux-arm64-musl' ]
335 verbose reify failed optional dependency /mnt/e/jenkins-basic/node_modules/@next/swc-linux-arm64-gnu
336 silly reify mark deleted [ '/mnt/e/jenkins-basic/node_modules/@next/swc-linux-arm64-gnu' ]
337 verbose reify failed optional dependency /mnt/e/jenkins-basic/node_modules/@next/swc-darwin-x64
338 silly reify mark deleted [ '/mnt/e/jenkins-basic/node_modules/@next/swc-darwin-x64' ]
339 verbose reify failed optional dependency /mnt/e/jenkins-basic/node_modules/@next/swc-darwin-arm64
340 silly reify mark deleted [ '/mnt/e/jenkins-basic/node_modules/@next/swc-darwin-arm64' ]
341 silly tarball no local data for semver@https://registry.npmjs.org/semver/-/semver-7.7.4.tgz. Extracting by manifest.
342 silly tarball no local data for detect-libc@https://registry.npmjs.org/detect-libc/-/detect-libc-2.1.2.tgz. Extracting by manifest.
343 silly tarball no local data for baseline-browser-mapping@https://registry.npmjs.org/baseline-browser-mapping/-/baseline-browser-mapping-2.10.17.tgz. Extracting by manifest.
344 silly tarball no local data for @emnapi/runtime@https://registry.npmjs.org/@emnapi/runtime/-/runtime-1.9.2.tgz. Extracting by manifest.
345 silly tarball no local data for @img/sharp-linux-x64@https://registry.npmjs.org/@img/sharp-linux-x64/-/sharp-linux-x64-0.34.5.tgz. Extracting by manifest.
346 silly tarball no local data for @img/colour@https://registry.npmjs.org/@img/colour/-/colour-1.1.0.tgz. Extracting by manifest.
347 silly tarball no local data for sharp@https://registry.npmjs.org/sharp/-/sharp-0.34.5.tgz. Extracting by manifest.
348 silly tarball no local data for styled-jsx@https://registry.npmjs.org/styled-jsx/-/styled-jsx-5.1.6.tgz. Extracting by manifest.
349 silly tarball no local data for @next/swc-linux-x64-gnu@https://registry.npmjs.org/@next/swc-linux-x64-gnu/-/swc-linux-x64-gnu-16.2.3.tgz. Extracting by manifest.
350 silly tarball no local data for @img/sharp-libvips-linux-x64@https://registry.npmjs.org/@img/sharp-libvips-linux-x64/-/sharp-libvips-linux-x64-1.2.4.tgz. Extracting by manifest.
351 silly tarball no local data for next@https://registry.npmjs.org/next/-/next-16.2.3.tgz. Extracting by manifest.
352 silly tarball no local data for @swc/helpers@https://registry.npmjs.org/@swc/helpers/-/helpers-0.5.15.tgz. Extracting by manifest.
353 silly tarball no local data for @next/env@https://registry.npmjs.org/@next/env/-/env-16.2.3.tgz. Extracting by manifest.
354 http fetch POST 200 https://registry.npmjs.org/-/npm/v1/security/advisories/bulk 722ms
355 silly audit report {}
356 http fetch GET 200 https://registry.npmjs.org/detect-libc/-/detect-libc-2.1.2.tgz 208ms (cache miss)
357 http fetch GET 200 https://registry.npmjs.org/baseline-browser-mapping/-/baseline-browser-mapping-2.10.17.tgz 423ms (cache miss)
358 http fetch GET 200 https://registry.npmjs.org/@img/colour/-/colour-1.1.0.tgz 515ms (cache miss)
359 http fetch GET 200 https://registry.npmjs.org/@next/env/-/env-16.2.3.tgz 581ms (cache miss)
360 http fetch GET 200 https://registry.npmjs.org/@emnapi/runtime/-/runtime-1.9.2.tgz 1004ms (cache miss)
361 http fetch GET 200 https://registry.npmjs.org/@img/sharp-linux-x64/-/sharp-linux-x64-0.34.5.tgz 1024ms (cache miss)
362 http fetch GET 200 https://registry.npmjs.org/semver/-/semver-7.7.4.tgz 1056ms (cache miss)
363 http fetch GET 200 https://registry.npmjs.org/sharp/-/sharp-0.34.5.tgz 1532ms (cache miss)
364 http fetch GET 200 https://registry.npmjs.org/styled-jsx/-/styled-jsx-5.1.6.tgz 1604ms (cache miss)
365 http fetch GET 200 https://registry.npmjs.org/@img/sharp-libvips-linux-x64/-/sharp-libvips-linux-x64-1.2.4.tgz 3392ms (cache miss)
366 http fetch GET 200 https://registry.npmjs.org/@swc/helpers/-/helpers-0.5.15.tgz 3488ms (cache miss)
